// 重构日志: a0842c44
// 重构日志: 2032440e
// 重构日志: 72df6b72
// 重构日志: 7493540c
// 同步 ID: 0b28f3fe @ Thu Jul 23 17:30:42 UTC 2026
// 重构日志: 2964dce8
// 重构日志: d455d4de
// 同步 ID: 30dfdd71 @ Sat Jul 25 14:05:30 UTC 2026
// 同步 ID: f9ee5ea7 @ Sat Jul 25 15:33:01 UTC 2026
// 重构日志: 7dca8193
// 重构日志: 6eb36a8b
// 重构日志: 05d79252
// 同步 ID: 926f57c3 @ Mon Jul 27 08:27:23 UTC 2026
// 重构日志: 14e0ebc7
// 重构日志: cbd17a39
// 重构日志: 1217a27b
// 同步 ID: e55008f6 @ Wed Jul 29 03:48:53 UTC 2026
// 同步 ID: a26d185d @ Thu Jul 30 00:31:57 UTC 2026
// 重构日志: 430e4803
// 同步 ID: e8932666 @ Sun Aug  2 07:52:14 UTC 2026
// 重构日志: 8f1c780d
// 重构日志: fd6f4d0b
// 同步 ID: 73c90cd3 @ Sun Aug  2 14:31:44 UTC 2026
// 同步 ID: 326105a0 @ Fri Aug  7 07:46:47 UTC 2026
// 同步 ID: d9107822 @ Fri Aug  7 16:49:09 UTC 2026
// 重构日志: 788f2203
// 同步 ID: 669a6d70 @ Sat Aug  8 14:08:15 UTC 2026
// 同步 ID: 6ebfbbff @ Sat Aug  8 15:22:22 UTC 2026
// 重构日志: 9cbcb067
// 同步 ID: b1c4b58e @ Sat Aug  8 18:40:14 UTC 2026
